=== MACRO ARITY TESTING ===
Fixed arity macro (2 params):
Success case:
(1 2)
Expected failures:
Variadic macro (any number of args):
Success cases:
()
Evaluation error: SutraError { kind: Eval(EvalError { message: "Arity mismatch in call to 'eval'\n\nExpected first element must be a symbol naming an atom arguments, but received 1.\n\nArguments provided (1):   1: number 1", expanded_code: "(eval 1)", original_code: None, suggestion: Some("Check the function documentation for correct usage") }), span: Some(Span { start: 691, end: 692 }) }