abc

(1 2 3)
()
(1 2 3)
()
(1 3 4 5 2 3 4 5)
Evaluation error: SutraError { kind: Eval(EvalError { message: "Arity mismatch in call to 'eval'\n\nExpected first element must be a symbol naming an atom arguments, but received 3.\n\nArguments provided (3):   1: number 7\n  2: number 8\n  3: number 9", expanded_code: "(eval 7 8 9)", original_code: None, suggestion: Some("Check the function documentation for correct usage") }), span: Some(Span { start: 686, end: 687 }) }