Hello
World
Alice
Bob
Line 1
Line 2
foobar
abc
hello, world!
