=== Simple Calculator ===
15
12
28
6
2
=== Comparisons ===
true
true
true
=== Logic ===
false
true
