5
10
5
0
42
7
15
-10
100
12
24
-10
1
7
5
5
-4
42
1
2
-1
