Testing division by zero:
Testing type errors:
Testing arity errors:
Testing explicit error:
Valid edge cases:
0
0
0
0
0
true
true
Negative number operations:
-8
-5
6
4
-1
