first
second
6
(1 text true)
after comment
indented expression
()
15
