[before:2:X]
[before:1:X]
[before:0:X]
X
[after:0:X]
[after:1:X]
[after:2:X]
depth:2;msg:X